sys.executable:
===============================================================================
/usr/local/bin/python3



sys.version_info:
===============================================================================
sys.version_info(major=3, minor=6, micro=1, releaselevel='candidate', serial=1)



multiprocessing.cpu_count:
===============================================================================
64



platform.uname:
===============================================================================
uname_result(system='Linux', node='bogon', release='3.10.0-327.3.1.axs7.4kpage.ppc64le', version='#1 SMP Thu Feb 18 11:15:28 CST 2016', machine='ppc64le', processor='ppc64le')



platform.architecture:
===============================================================================
('64bit', 'ELF')



platform.system:
===============================================================================
Linux



platform.machine:
===============================================================================
ppc64le



sestatus:
===============================================================================
SELinux status:                 enabled
SELinuxfs mount:                /sys/fs/selinux
SELinux root directory:         /etc/selinux
Loaded policy name:             targeted
Current mode:                   enforcing
Mode from config file:          enforcing
Policy MLS status:              enabled
Policy deny_unknown status:     allowed
Max kernel policy version:      28

Policy booleans:
abrt_anon_write                             off
abrt_handle_event                           off
abrt_upload_watch_anon_write                on
antivirus_can_scan_system                   off
antivirus_use_jit                           off
auditadm_exec_content                       on
authlogin_nsswitch_use_ldap                 off
authlogin_radius                            off
authlogin_yubikey                           off
awstats_purge_apache_log_files              off
boinc_execmem                               on
cdrecord_read_content                       off
cluster_can_network_connect                 off
cluster_manage_all_files                    off
cluster_use_execmem                         off
cobbler_anon_write                          off
cobbler_can_network_connect                 off
cobbler_use_cifs                            off
cobbler_use_nfs                             off
collectd_tcp_network_connect                off
condor_tcp_network_connect                  off
conman_can_network                          off
cron_can_relabel                            off
cron_system_cronjob_use_shares              off
cron_userdomain_transition                  on
cups_execmem                                off
cvs_read_shadow                             off
daemons_dump_core                           off
daemons_enable_cluster_mode                 off
daemons_use_tcp_wrapper                     off
daemons_use_tty                             off
dbadm_exec_content                          on
dbadm_manage_user_files                     off
dbadm_read_user_files                       off
deny_execmem                                off
deny_ptrace                                 off
dhcpc_exec_iptables                         off
dhcpd_use_ldap                              off
domain_fd_use                               on
domain_kernel_load_modules                  off
entropyd_use_audio                          on
exim_can_connect_db                         off
exim_manage_user_files                      off
exim_read_user_files                        off
fcron_crond                                 off
fenced_can_network_connect                  off
fenced_can_ssh                              off
fips_mode                                   on
ftp_home_dir                                off
ftpd_anon_write                             off
ftpd_connect_all_unreserved                 off
ftpd_connect_db                             off
ftpd_full_access                            off
ftpd_use_cifs                               off
ftpd_use_fusefs                             off
ftpd_use_nfs                                off
ftpd_use_passive_mode                       off
git_cgi_enable_homedirs                     off
git_cgi_use_cifs                            off
git_cgi_use_nfs                             off
git_session_bind_all_unreserved_ports       off
git_session_users                           off
git_system_enable_homedirs                  off
git_system_use_cifs                         off
git_system_use_nfs                          off
gitosis_can_sendmail                        off
glance_api_can_network                      off
glance_use_execmem                          off
glance_use_fusefs                           off
global_ssp                                  off
gluster_anon_write                          off
gluster_export_all_ro                       off
gluster_export_all_rw                       on
gpg_web_anon_write                          off
gssd_read_tmp                               on
guest_exec_content                          on
haproxy_connect_any                         off
httpd_anon_write                            off
httpd_builtin_scripting                     on
httpd_can_check_spam                        off
httpd_can_connect_ftp                       off
httpd_can_connect_ldap                      off
httpd_can_connect_mythtv                    off
httpd_can_connect_zabbix                    off
httpd_can_network_connect                   off
httpd_can_network_connect_cobbler           off
httpd_can_network_connect_db                off
httpd_can_network_memcache                  off
httpd_can_network_relay                     off
httpd_can_sendmail                          off
httpd_dbus_avahi                            off
httpd_dbus_sssd                             off
httpd_dontaudit_search_dirs                 off
httpd_enable_cgi                            on
httpd_enable_ftp_server                     off
httpd_enable_homedirs                       off
httpd_execmem                               off
httpd_graceful_shutdown                     on
httpd_manage_ipa                            off
httpd_mod_auth_ntlm_winbind                 off
httpd_mod_auth_pam                          off
httpd_read_user_content                     off
httpd_run_ipa                               off
httpd_run_preupgrade                        off
httpd_run_stickshift                        off
httpd_serve_cobbler_files                   off
httpd_setrlimit                             off
httpd_ssi_exec                              off
httpd_sys_script_anon_write                 off
httpd_tmp_exec                              off
httpd_tty_comm                              off
httpd_unified                               off
httpd_use_cifs                              off
httpd_use_fusefs                            off
httpd_use_gpg                               off
httpd_use_nfs                               off
httpd_use_openstack                         off
httpd_use_sasl                              off
httpd_verify_dns                            off
icecast_use_any_tcp_ports                   off
irc_use_any_tcp_ports                       off
irssi_use_full_network                      off
kdumpgui_run_bootloader                     off
kerberos_enabled                            on
ksmtuned_use_cifs                           off
ksmtuned_use_nfs                            off
logadm_exec_content                         on
logging_syslogd_can_sendmail                off
logging_syslogd_run_nagios_plugins          off
logging_syslogd_use_tty                     on
login_console_enabled                       on
logrotate_use_nfs                           off
logwatch_can_network_connect_mail           off
lsmd_plugin_connect_any                     off
mailman_use_fusefs                          off
mcelog_client                               off
mcelog_exec_scripts                         on
mcelog_foreground                           off
mcelog_server                               off
minidlna_read_generic_user_content          off
mmap_low_allowed                            off
mock_enable_homedirs                        off
mount_anyfile                               on
mozilla_plugin_bind_unreserved_ports        off
mozilla_plugin_can_network_connect          off
mozilla_plugin_use_bluejeans                off
mozilla_plugin_use_gps                      off
mozilla_plugin_use_spice                    off
mozilla_read_content                        off
mpd_enable_homedirs                         off
mpd_use_cifs                                off
mpd_use_nfs                                 off
mplayer_execstack                           off
mysql_connect_any                           off
nagios_run_pnp4nagios                       off
nagios_run_sudo                             off
named_tcp_bind_http_port                    off
named_write_master_zones                    off
neutron_can_network                         off
nfs_export_all_ro                           on
nfs_export_all_rw                           on
nfsd_anon_write                             off
nis_enabled                                 off
nscd_use_shm                                on
openshift_use_nfs                           off
openvpn_can_network_connect                 on
openvpn_enable_homedirs                     on
openvpn_run_unconfined                      off
pcp_bind_all_unreserved_ports               off
pcp_read_generic_logs                       off
piranha_lvs_can_network_connect             off
polipo_connect_all_unreserved               off
polipo_session_bind_all_unreserved_ports    off
polipo_session_users                        off
polipo_use_cifs                             off
polipo_use_nfs                              off
polyinstantiation_enabled                   off
postfix_local_write_mail_spool              on
postgresql_can_rsync                        off
postgresql_selinux_transmit_client_label    off
postgresql_selinux_unconfined_dbadm         on
postgresql_selinux_users_ddl                on
pppd_can_insmod                             off
pppd_for_user                               off
privoxy_connect_any                         on
prosody_bind_http_port                      off
puppetagent_manage_all_files                off
puppetmaster_use_db                         off
racoon_read_shadow                          off
rsync_anon_write                            off
rsync_client                                off
rsync_export_all_ro                         off
rsync_full_access                           off
samba_create_home_dirs                      off
samba_domain_controller                     off
samba_enable_home_dirs                      off
samba_export_all_ro                         off
samba_export_all_rw                         off
samba_load_libgfapi                         off
samba_portmapper                            off
samba_run_unconfined                        off
samba_share_fusefs                          off
samba_share_nfs                             off
sanlock_use_fusefs                          off
sanlock_use_nfs                             off
sanlock_use_samba                           off
saslauthd_read_shadow                       off
secadm_exec_content                         on
secure_mode                                 off
secure_mode_insmod                          off
secure_mode_policyload                      off
selinuxuser_direct_dri_enabled              on
selinuxuser_execheap                        off
selinuxuser_execmod                         on
selinuxuser_execstack                       on
selinuxuser_mysql_connect_enabled           off
selinuxuser_ping                            on
selinuxuser_postgresql_connect_enabled      off
selinuxuser_rw_noexattrfile                 on
selinuxuser_share_music                     off
selinuxuser_tcp_server                      off
selinuxuser_udp_server                      off
selinuxuser_use_ssh_chroot                  off
sftpd_anon_write                            off
sftpd_enable_homedirs                       off
sftpd_full_access                           off
sftpd_write_ssh_home                        off
sge_domain_can_network_connect              off
sge_use_nfs                                 off
smartmon_3ware                              off
smbd_anon_write                             off
spamassassin_can_network                    off
spamd_enable_home_dirs                      on
squid_connect_any                           on
squid_use_tproxy                            off
ssh_chroot_rw_homedirs                      off
ssh_keysign                                 off
ssh_sysadm_login                            off
staff_exec_content                          on
staff_use_svirt                             off
swift_can_network                           off
sysadm_exec_content                         on
telepathy_connect_all_ports                 off
telepathy_tcp_connect_generic_network_ports on
tftp_anon_write                             off
tftp_home_dir                               off
tmpreaper_use_nfs                           off
tmpreaper_use_samba                         off
tor_bind_all_unreserved_ports               off
tor_can_network_relay                       off
unconfined_chrome_sandbox_transition        on
unconfined_login                            on
unconfined_mozilla_plugin_transition        on
unprivuser_use_svirt                        off
use_ecryptfs_home_dirs                      off
use_fusefs_home_dirs                        off
use_lpd_server                              off
use_nfs_home_dirs                           off
use_samba_home_dirs                         off
user_exec_content                           on
varnishd_connect_any                        off
virt_read_qemu_ga_data                      off
virt_rw_qemu_ga_data                        off
virt_sandbox_use_all_caps                   on
virt_sandbox_use_audit                      on
virt_sandbox_use_mknod                      off
virt_sandbox_use_netlink                    off
virt_sandbox_use_nfs                        off
virt_sandbox_use_samba                      off
virt_sandbox_use_sys_admin                  off
virt_transition_userdomain                  off
virt_use_comm                               off
virt_use_execmem                            off
virt_use_fusefs                             off
virt_use_nfs                                off
virt_use_rawip                              off
virt_use_samba                              off
virt_use_sanlock                            off
virt_use_usb                                on
virt_use_xserver                            off
webadm_manage_user_files                    off
webadm_read_user_files                      off
wine_mmap_zero_ignore                       off
xdm_bind_vnc_tcp_port                       off
xdm_exec_bootloader                         off
xdm_sysadm_login                            off
xdm_write_home                              off
xen_use_nfs                                 off
xend_run_blktap                             on
xend_run_qemu                               on
xguest_connect_network                      on
xguest_exec_content                         on
xguest_mount_media                          on
xguest_use_bluetooth                        on
xserver_clients_write_xshm                  off
xserver_execmem                             off
xserver_object_manager                      off
zabbix_can_network                          off
zarafa_setrlimit                            off
zebra_write_config                          off
zoneminder_anon_write                       off
zoneminder_run_sudo                         off




cat /proc/cpuinfo:
===============================================================================
processor	: 0
cpu		: POWER8 (raw), altivec supported
clock		: 2061.000000MHz
revision	: 2.0 (pvr 004d 0200)

processor	: 1
cpu		: POWER8 (raw), altivec supported
clock		: 2061.000000MHz
revision	: 2.0 (pvr 004d 0200)

processor	: 2
cpu		: POWER8 (raw), altivec supported
clock		: 2061.000000MHz
revision	: 2.0 (pvr 004d 0200)

processor	: 3
cpu		: POWER8 (raw), altivec supported
clock		: 2061.000000MHz
revision	: 2.0 (pvr 004d 0200)

processor	: 4
cpu		: POWER8 (raw), altivec supported
clock		: 2061.000000MHz
revision	: 2.0 (pvr 004d 0200)

processor	: 5
cpu		: POWER8 (raw), altivec supported
clock		: 2061.000000MHz
revision	: 2.0 (pvr 004d 0200)

processor	: 6
cpu		: POWER8 (raw), altivec supported
clock		: 2061.000000MHz
revision	: 2.0 (pvr 004d 0200)

processor	: 7
cpu		: POWER8 (raw), altivec supported
clock		: 2061.000000MHz
revision	: 2.0 (pvr 004d 0200)

processor	: 8
cpu		: POWER8 (raw), altivec supported
clock		: 2061.000000MHz
revision	: 2.0 (pvr 004d 0200)

processor	: 9
cpu		: POWER8 (raw), altivec supported
clock		: 2061.000000MHz
revision	: 2.0 (pvr 004d 0200)

processor	: 10
cpu		: POWER8 (raw), altivec supported
clock		: 2061.000000MHz
revision	: 2.0 (pvr 004d 0200)

processor	: 11
cpu		: POWER8 (raw), altivec supported
clock		: 2061.000000MHz
revision	: 2.0 (pvr 004d 0200)

processor	: 12
cpu		: POWER8 (raw), altivec supported
clock		: 2061.000000MHz
revision	: 2.0 (pvr 004d 0200)

processor	: 13
cpu		: POWER8 (raw), altivec supported
clock		: 2061.000000MHz
revision	: 2.0 (pvr 004d 0200)

processor	: 14
cpu		: POWER8 (raw), altivec supported
clock		: 2061.000000MHz
revision	: 2.0 (pvr 004d 0200)

processor	: 15
cpu		: POWER8 (raw), altivec supported
clock		: 2061.000000MHz
revision	: 2.0 (pvr 004d 0200)

processor	: 16
cpu		: POWER8 (raw), altivec supported
clock		: 2061.000000MHz
revision	: 2.0 (pvr 004d 0200)

processor	: 17
cpu		: POWER8 (raw), altivec supported
clock		: 2061.000000MHz
revision	: 2.0 (pvr 004d 0200)

processor	: 18
cpu		: POWER8 (raw), altivec supported
clock		: 2061.000000MHz
revision	: 2.0 (pvr 004d 0200)

processor	: 19
cpu		: POWER8 (raw), altivec supported
clock		: 2061.000000MHz
revision	: 2.0 (pvr 004d 0200)

processor	: 20
cpu		: POWER8 (raw), altivec supported
clock		: 2061.000000MHz
revision	: 2.0 (pvr 004d 0200)

processor	: 21
cpu		: POWER8 (raw), altivec supported
clock		: 2061.000000MHz
revision	: 2.0 (pvr 004d 0200)

processor	: 22
cpu		: POWER8 (raw), altivec supported
clock		: 2061.000000MHz
revision	: 2.0 (pvr 004d 0200)

processor	: 23
cpu		: POWER8 (raw), altivec supported
clock		: 2061.000000MHz
revision	: 2.0 (pvr 004d 0200)

processor	: 24
cpu		: POWER8 (raw), altivec supported
clock		: 2061.000000MHz
revision	: 2.0 (pvr 004d 0200)

processor	: 25
cpu		: POWER8 (raw), altivec supported
clock		: 2061.000000MHz
revision	: 2.0 (pvr 004d 0200)

processor	: 26
cpu		: POWER8 (raw), altivec supported
clock		: 2061.000000MHz
revision	: 2.0 (pvr 004d 0200)

processor	: 27
cpu		: POWER8 (raw), altivec supported
clock		: 2061.000000MHz
revision	: 2.0 (pvr 004d 0200)

processor	: 28
cpu		: POWER8 (raw), altivec supported
clock		: 2061.000000MHz
revision	: 2.0 (pvr 004d 0200)

processor	: 29
cpu		: POWER8 (raw), altivec supported
clock		: 2061.000000MHz
revision	: 2.0 (pvr 004d 0200)

processor	: 30
cpu		: POWER8 (raw), altivec supported
clock		: 2061.000000MHz
revision	: 2.0 (pvr 004d 0200)

processor	: 31
cpu		: POWER8 (raw), altivec supported
clock		: 2061.000000MHz
revision	: 2.0 (pvr 004d 0200)

processor	: 32
cpu		: POWER8 (raw), altivec supported
clock		: 2061.000000MHz
revision	: 2.0 (pvr 004d 0200)

processor	: 33
cpu		: POWER8 (raw), altivec supported
clock		: 2061.000000MHz
revision	: 2.0 (pvr 004d 0200)

processor	: 34
cpu		: POWER8 (raw), altivec supported
clock		: 2061.000000MHz
revision	: 2.0 (pvr 004d 0200)

processor	: 35
cpu		: POWER8 (raw), altivec supported
clock		: 2061.000000MHz
revision	: 2.0 (pvr 004d 0200)

processor	: 36
cpu		: POWER8 (raw), altivec supported
clock		: 2061.000000MHz
revision	: 2.0 (pvr 004d 0200)

processor	: 37
cpu		: POWER8 (raw), altivec supported
clock		: 2061.000000MHz
revision	: 2.0 (pvr 004d 0200)

processor	: 38
cpu		: POWER8 (raw), altivec supported
clock		: 2061.000000MHz
revision	: 2.0 (pvr 004d 0200)

processor	: 39
cpu		: POWER8 (raw), altivec supported
clock		: 2061.000000MHz
revision	: 2.0 (pvr 004d 0200)

processor	: 40
cpu		: POWER8 (raw), altivec supported
clock		: 2061.000000MHz
revision	: 2.0 (pvr 004d 0200)

processor	: 41
cpu		: POWER8 (raw), altivec supported
clock		: 2061.000000MHz
revision	: 2.0 (pvr 004d 0200)

processor	: 42
cpu		: POWER8 (raw), altivec supported
clock		: 2061.000000MHz
revision	: 2.0 (pvr 004d 0200)

processor	: 43
cpu		: POWER8 (raw), altivec supported
clock		: 2061.000000MHz
revision	: 2.0 (pvr 004d 0200)

processor	: 44
cpu		: POWER8 (raw), altivec supported
clock		: 2061.000000MHz
revision	: 2.0 (pvr 004d 0200)

processor	: 45
cpu		: POWER8 (raw), altivec supported
clock		: 2061.000000MHz
revision	: 2.0 (pvr 004d 0200)

processor	: 46
cpu		: POWER8 (raw), altivec supported
clock		: 2061.000000MHz
revision	: 2.0 (pvr 004d 0200)

processor	: 47
cpu		: POWER8 (raw), altivec supported
clock		: 2061.000000MHz
revision	: 2.0 (pvr 004d 0200)

processor	: 48
cpu		: POWER8 (raw), altivec supported
clock		: 2061.000000MHz
revision	: 2.0 (pvr 004d 0200)

processor	: 49
cpu		: POWER8 (raw), altivec supported
clock		: 2061.000000MHz
revision	: 2.0 (pvr 004d 0200)

processor	: 50
cpu		: POWER8 (raw), altivec supported
clock		: 2061.000000MHz
revision	: 2.0 (pvr 004d 0200)

processor	: 51
cpu		: POWER8 (raw), altivec supported
clock		: 2061.000000MHz
revision	: 2.0 (pvr 004d 0200)

processor	: 52
cpu		: POWER8 (raw), altivec supported
clock		: 2061.000000MHz
revision	: 2.0 (pvr 004d 0200)

processor	: 53
cpu		: POWER8 (raw), altivec supported
clock		: 2061.000000MHz
revision	: 2.0 (pvr 004d 0200)

processor	: 54
cpu		: POWER8 (raw), altivec supported
clock		: 2061.000000MHz
revision	: 2.0 (pvr 004d 0200)

processor	: 55
cpu		: POWER8 (raw), altivec supported
clock		: 2061.000000MHz
revision	: 2.0 (pvr 004d 0200)

processor	: 56
cpu		: POWER8 (raw), altivec supported
clock		: 2061.000000MHz
revision	: 2.0 (pvr 004d 0200)

processor	: 57
cpu		: POWER8 (raw), altivec supported
clock		: 2061.000000MHz
revision	: 2.0 (pvr 004d 0200)

processor	: 58
cpu		: POWER8 (raw), altivec supported
clock		: 2061.000000MHz
revision	: 2.0 (pvr 004d 0200)

processor	: 59
cpu		: POWER8 (raw), altivec supported
clock		: 2061.000000MHz
revision	: 2.0 (pvr 004d 0200)

processor	: 60
cpu		: POWER8 (raw), altivec supported
clock		: 2061.000000MHz
revision	: 2.0 (pvr 004d 0200)

processor	: 61
cpu		: POWER8 (raw), altivec supported
clock		: 2061.000000MHz
revision	: 2.0 (pvr 004d 0200)

processor	: 62
cpu		: POWER8 (raw), altivec supported
clock		: 2061.000000MHz
revision	: 2.0 (pvr 004d 0200)

processor	: 63
cpu		: POWER8 (raw), altivec supported
clock		: 2061.000000MHz
revision	: 2.0 (pvr 004d 0200)

timebase	: 512000000
platform	: PowerNV
model		: unknown
machine		: PowerNV unknown
firmware	: OPAL v3




sysctl machdep.cpu hw.cpufrequency:
===============================================================================




sysctl hw.model hw.machine:
===============================================================================




lscpu:
===============================================================================
Architecture:          ppc64le
Byte Order:            Little Endian
CPU(s):                64
On-line CPU(s) list:   0-63
Thread(s) per core:    8
Core(s) per socket:    8
Socket(s):             1
NUMA node(s):          1
Model:                 unknown
L1d cache:             64K
L1i cache:             32K
L2 cache:              512K
L3 cache:              8192K
NUMA node0 CPU(s):     0-63




dmesg:
===============================================================================
[    0.000000] OPAL V3 detected !
[    0.000000] Reserving 2048MB of memory at 128MB for crashkernel (System RAM: 65536MB)
[    0.000000] Allocated 4718592 bytes for 2048 pacas at c000000007b6e000
[    0.000000] Using PowerNV machine description
[    0.000000] Page sizes from device-tree:
[    0.000000] base_shift=12: shift=12, sllp=0x0000, avpnm=0x00000000, tlbiel=1, penc=0
[    0.000000] base_shift=12: shift=16, sllp=0x0000, avpnm=0x00000000, tlbiel=1, penc=7
[    0.000000] base_shift=12: shift=24, sllp=0x0000, avpnm=0x00000000, tlbiel=1, penc=56
[    0.000000] base_shift=16: shift=16, sllp=0x0110, avpnm=0x00000000, tlbiel=1, penc=1
[    0.000000] base_shift=16: shift=24, sllp=0x0110, avpnm=0x00000000, tlbiel=1, penc=8
[    0.000000] base_shift=20: shift=20, sllp=0x0130, avpnm=0x00000000, tlbiel=0, penc=2
[    0.000000] base_shift=24: shift=24, sllp=0x0100, avpnm=0x00000001, tlbiel=0, penc=0
[    0.000000] Page orders: linear mapping = 24, virtual = 12, io = 12, vmemmap = 24
[    0.000000] Using 1TB segments
[    0.000000] kvm_cma: CMA: reserved 3328 MiB
[    0.000000] Found initrd at 0xc000000002b20000:0xc000000003fd221c
[    0.000000] OPAL: Power8 LPC bus found, chip ID 0
[    0.000000] bootconsole [udbg0] enabled
[    0.000000] CPU maps initialized for 8 threads per core
[    0.000000]  (thread shift is 3)
[    0.000000] Freed 4571136 bytes for unused pacas
[    0.000000] Starting Linux PPC64 #1 SMP Thu Feb 18 11:15:28 CST 2016
[    0.000000] -----------------------------------------------------
[    0.000000] ppc64_pft_size                = 0x0
[    0.000000] physicalMemorySize            = 0x1000000000
[    0.000000] htab_address                  = 0xc000000f80000000
[    0.000000] htab_hash_mask                = 0x7fffff
[    0.000000] -----------------------------------------------------
[    0.000000] Initializing cgroup subsys cpuset
[    0.000000] Initializing cgroup subsys cpu
[    0.000000] Initializing cgroup subsys cpuacct
[    0.000000] Linux version 3.10.0-327.3.1.axs7.4kpage.ppc64le (root@kvm-dev.redflag-linux.com) (gcc version 4.8.5 20150623 (Red Hat 4.8.5-4) (GCC) ) #1 SMP Thu Feb 18 11:15:28 CST 2016
[    0.000000] [boot]0012 Setup Arch
[    0.000000] Node 0 Memory: 0x0-0x1000000000
[    0.000000] Initializing IODA2 OPAL PHB /pciex@3fffe40000000
[    0.000000] PCI host bridge /pciex@3fffe40000000 (primary) ranges:
[    0.000000]  MEM 0x00003fe000000000..0x00003fe07ffeffff -> 0x0000000080000000
[    0.000000]   256 (255) PE's M32: 0x80000000 [segment=0x800000]
[    0.000000]                  M64: 0x1000000000 [segment=0x10000000]
[    0.000000]   Allocated bitmap for 2040 MSIs (base IRQ 0x800)
[    0.000000] Initializing IODA2 OPAL PHB /pciex@3fffe40100000
[    0.000000] PCI host bridge /pciex@3fffe40100000  ranges:
[    0.000000]  MEM 0x00003fe080000000..0x00003fe0fffeffff -> 0x0000000080000000
[    0.000000]   256 (255) PE's M32: 0x80000000 [segment=0x800000]
[    0.000000]                  M64: 0x1000000000 [segment=0x10000000]
[    0.000000]   Allocated bitmap for 2040 MSIs (base IRQ 0x1000)
[    0.000000] Initializing IODA2 OPAL PHB /pciex@3fffe40200000
[    0.000000] PCI host bridge /pciex@3fffe40200000  ranges:
[    0.000000]  MEM 0x00003fe100000000..0x00003fe17ffeffff -> 0x0000000080000000
[    0.000000]   256 (255) PE's M32: 0x80000000 [segment=0x800000]
[    0.000000]                  M64: 0x1000000000 [segment=0x10000000]
[    0.000000]   Allocated bitmap for 2040 MSIs (base IRQ 0x1800)
[    0.000000] OPAL nvram setup, 589824 bytes
[    0.000000] Zone ranges:
[    0.000000]   DMA      [mem 0x00000000-0xfffffffff]
[    0.000000]   Normal   empty
[    0.000000] Movable zone start for each node
[    0.000000] Early memory node ranges
[    0.000000]   node   0: [mem 0x00000000-0xfffffffff]
[    0.000000] On node 0 totalpages: 16777216
[    0.000000]   DMA zone: 229376 pages used for memmap
[    0.000000]   DMA zone: 0 pages reserved
[    0.000000]   DMA zone: 16777216 pages, LIFO batch:31
[    0.000000] [boot]0015 Setup Done
[    0.000000] PERCPU: Embedded 23 pages/cpu @c000000004100000 s56064 r0 d38144 u131072
[    0.000000] pcpu-alloc: s56064 r0 d38144 u131072 alloc=1*1048576
[    0.000000] pcpu-alloc: [0] 00 01 02 03 04 05 06 07 [0] 08 09 10 11 12 13 14 15
[    0.000000] pcpu-alloc: [0] 16 17 18 19 20 21 22 23 [0] 24 25 26 27 28 29 30 31
[    0.000000] pcpu-alloc: [0] 32 33 34 35 36 37 38 39 [0] 40 41 42 43 44 45 46 47
[    0.000000] pcpu-alloc: [0] 48 49 50 51 52 53 54 55 [0] 56 57 58 59 60 61 62 63
[    0.000000] Built 1 zonelists in Node order, mobility grouping on.  Total pages: 16547840
[    0.000000] Policy zone: DMA
[    0.000000] Kernel command line: root=/dev/mapper/asianux-root ro crashkernel=auto rd.lvm.lv=asianux/root rd.lvm.lv=asianux/swap LANG=en_US.UTF-8
[    0.000000] PID hash table entries: 4096 (order: 3, 32768 bytes)
[    0.000000] Sorting __ex_table...
[    0.000000] freeing bootmem node 0
[    0.000000] Memory: 59491596k/67108864k available (16376k kernel code, 7617268k reserved, 1060k data, 3705k bss, 4068k init)
[    0.000000] SLUB: HWalign=128, Order=0-3, MinObjects=0, CPUs=64, Nodes=256
[    0.000000] Hierarchical RCU implementation.
[    0.000000] 	RCU restricting CPUs from NR_CPUS=2048 to nr_cpu_ids=64.
[    0.000000] 	Offload RCU callbacks from all CPUs
[    0.000000] 	Offload RCU callbacks from CPUs: 0-2047.
[    0.000000] NR_IRQS:512 nr_irqs:512 16
[    0.000000] ICS OPAL backend registered
[    0.000000] time_init: decrementer frequency = 512.000000 MHz
[    0.000000] time_init: processor frequency   = 3325.000000 MHz
[    0.000003] clocksource: timebase mult[1f40000] shift[24] registered
[    0.001247] clockevent: decrementer mult[83126e98] shift[32] cpu[56]
[    0.001421] Console: colour dummy device 80x25
[    0.002385] console [hvc0] enabled, bootconsole disabled
[    0.030203] allocated 268435456 bytes of page_cgroup
[    0.030296] please try 'cgroup_disable=memory' option if you don't want memory cgroups
[    0.030499] Enabling automatic NUMA balancing. Configure with numa_balancing= or the kernel.numa_balancing sysctl
[    0.030657] pid_max: default: 65536 minimum: 512
[    0.030859] Security Framework initialized
[    0.030935] SELinux:  Initializing.
[    0.031013] SELinux:  Starting in permissive mode
[    0.046840] Dentry cache hash table entries: 8388608 (order: 14, 67108864 bytes)
[    0.129106] Inode-cache hash table entries: 4194304 (order: 13, 33554432 bytes)
[    0.166973] Mount-cache hash table entries: 4096
[    0.175347] Initializing cgroup subsys memory
[    0.175970] Initializing cgroup subsys devices
[    0.176039] Initializing cgroup subsys freezer
[    0.176118] Initializing cgroup subsys net_cls
[    0.176202] Initializing cgroup subsys blkio
[    0.176279] Initializing cgroup subsys perf_event
[    0.176366] Initializing cgroup subsys hugetlb
[    0.176711] EEH: PowerNV platform initialized
[    0.176833] POWER8 performance monitor hardware support registered
[    0.253226] Brought up 64 CPUs
[    0.253328] Node 0 CPUs: 0-63
[    0.254740] devtmpfs: initialized
[    0.272304] EEH: devices created
[    0.287833] atomic64 test passed
[    0.290922] NET: Registered protocol family 16
[    0.291076] IBM eBus Device Driver
[    0.291476] pstore: Registered nvram as persistent store backend
[    0.300521] PCI: Probing PCI hardware
[    0.300703] PCI: I/O resource not set for host bridge /pciex@3fffe40000000 (domain 0)
[    0.300797] PCI host bridge to bus 0000:00
[    0.300833] pci_bus 0000:00: root bus resource [mem 0x3fe000000000-0x3fe07ffeffff] (bus address [0x80000000-0xfffeffff])
[    0.300916] pci_bus 0000:00: root bus resource [mem 0x3b0000000000-0x3b0fefffffff 64bit pref]
[    0.300990] pci_bus 0000:00: root bus resource [bus 00-ff]
[    0.301069] pci_bus 0000:00: busn_res: [bus 00-ff] end is updated to ff
[    0.301097] pci 0000:00:00.0: [1014:03dc] type 01 class 0x060400
[    0.301207] pci 0000:00:00.0: PME# supported from D0 D3hot D3cold
[    0.301360] pci 0000:01:00.0: [9005:028c] type 00 class 0x010400
[    0.301387] pci 0000:01:00.0: reg 0x10: [mem 0x3fe000000000-0x3fe0000fffff 64bit]
[    0.301405] pci 0000:01:00.0: reg 0x18: [mem 0x3fe000180000-0x3fe0001803ff 64bit]
[    0.301417] pci 0000:01:00.0: reg 0x20: [io  0x0000-0x00ff]
[    0.301437] pci 0000:01:00.0: reg 0x30: [mem 0x00000000-0x0007ffff pref]
[    0.301526] pci 0000:01:00.0: PME# supported from D0 D1 D3hot
[    0.301629] pci 0000:00:00.0: PCI bridge to [bus 01]
[    0.301772] pci 0000:00:00.0:   bridge window [mem 0x3fe000000000-0x3fe0007fffff]
[    0.301815] pci_bus 0000:00: busn_res: [bus 00-ff] end is updated to 01
[    0.301823] PCI: I/O resource not set for host bridge /pciex@3fffe40100000 (domain 1)
[    0.301910] PCI host bridge to bus 0001:00
[    0.301945] pci_bus 0001:00: root bus resource [mem 0x3fe080000000-0x3fe0fffeffff] (bus address [0x80000000-0xfffeffff])
[    0.302148] pci_bus 0001:00: root bus resource [mem 0x3b1000000000-0x3b1fefffffff 64bit pref]
[    0.302220] pci_bus 0001:00: root bus resource [bus 00-ff]
[    0.302264] pci_bus 0001:00: busn_res: [bus 00-ff] end is updated to ff
[    0.302286] pci 0001:00:00.0: [1014:03dc] type 01 class 0x060400
[    0.302393] pci 0001:00:00.0: PME# supported from D0 D3hot D3cold
[    0.302533] pci 0001:01:00.0: [10b5:8748] type 01 class 0x060400
[    0.302557] pci 0001:01:00.0: reg 0x10: [mem 0x3fe084000000-0x3fe08403ffff]
[    0.302730] pci 0001:01:00.0: PME# supported from D0 D3hot D3cold
[    0.321558] pci 0001:00:00.0: PCI bridge to [bus 01-20]
[    0.321701] pci 0001:00:00.0:   bridge window [mem 0x3fe080000000-0x3fe0847fffff]
[    0.321710] pci 0001:00:00.0:   bridge window [mem 0x3b1000000000-0x3b103fffffff 64bit pref]
[    0.321841] pci 0001:02:01.0: [10b5:8748] type 01 class 0x060400
[    0.322035] pci 0001:02:01.0: PME# supported from D0 D3hot D3cold
[    0.322136] pci 0001:02:02.0: [10b5:8748] type 01 class 0x060400
[    0.322331] pci 0001:02:02.0: PME# supported from D0 D3hot D3cold
[    0.322437] pci 0001:02:08.0: [10b5:8748] type 01 class 0x060400
[    0.322631] pci 0001:02:08.0: PME# supported from D0 D3hot D3cold
[    0.322735] pci 0001:02:09.0: [10b5:8748] type 01 class 0x060400
[    0.322931] pci 0001:02:09.0: PME# supported from D0 D3hot D3cold
[    0.323040] pci 0001:02:0a.0: [10b5:8748] type 01 class 0x060400
[    0.323235] pci 0001:02:0a.0: PME# supported from D0 D3hot D3cold
[    0.323344] pci 0001:02:10.0: [10b5:8748] type 01 class 0x060400
[    0.323542] pci 0001:02:10.0: PME# supported from D0 D3hot D3cold
[    0.323653] pci 0001:02:11.0: [10b5:8748] type 01 class 0x060400
[    0.323853] pci 0001:02:11.0: PME# supported from D0 D3hot D3cold
[    0.323966] pci 0001:02:12.0: [10b5:8748] type 01 class 0x060400
[    0.324165] pci 0001:02:12.0: PME# supported from D0 D3hot D3cold
[    0.324280] pci 0001:02:13.0: [10b5:8748] type 01 class 0x060400
[    0.324478] pci 0001:02:13.0: PME# supported from D0 D3hot D3cold
[    0.324573] pci 0001:01:00.0: PCI bridge to [bus 02-20]
[    0.324687] pci 0001:01:00.0:   bridge window [mem 0x3fe080000000-0x3fe083ffffff]
[    0.324699] pci 0001:01:00.0:   bridge window [mem 0x3b1000000000-0x3b103fffffff 64bit pref]
[    0.325713] pci 0001:03:00.0: [14e4:1656] type 00 class 0x020000
[    0.325751] pci 0001:03:00.0: reg 0x10: [mem 0x3b1000000000-0x3b100000ffff 64bit pref]
[    0.325776] pci 0001:03:00.0: reg 0x18: [mem 0x3b1000010000-0x3b100001ffff 64bit pref]
[    0.325800] pci 0001:03:00.0: reg 0x20: [mem 0x3b1000020000-0x3b100002ffff 64bit pref]
[    0.325981] pci 0001:03:00.0: PME# supported from D0 D3hot D3cold
[    0.341568] pci 0001:02:01.0: PCI bridge to [bus 03]
[    0.341682] pci 0001:02:01.0:   bridge window [mem 0x3fe080000000-0x3fe0807fffff]
[    0.341693] pci 0001:02:01.0:   bridge window [mem 0x3b1000000000-0x3b100fffffff 64bit pref]
[    0.341821] pci 0001:04:00.0: [104c:8241] type 00 class 0x0c0330
[    0.341856] pci 0001:04:00.0: reg 0x10: [mem 0x3fe080800000-0x3fe08080ffff 64bit]
[    0.341879] pci 0001:04:00.0: reg 0x18: [mem 0x3fe080810000-0x3fe080811fff 64bit]
[    0.342028] pci 0001:04:00.0: supports D1 D2
[    0.342031] pci 0001:04:00.0: PME# supported from D0 D1 D2 D3hot
[    0.361571] pci 0001:02:02.0: PCI bridge to [bus 04]
[    0.361684] pci 0001:02:02.0:   bridge window [mem 0x3fe080800000-0x3fe080ffffff]
[    0.361790] pci 0001:02:08.0: PCI bridge to [bus 05-09]
[    0.362055] pci 0001:0a:00.0: [1b4b:9230] type 00 class 0x010601
[    0.362082] pci 0001:0a:00.0: reg 0x10: [io  0x8000-0x8007]
[    0.362096] pci 0001:0a:00.0: reg 0x14: [io  0x8040-0x8043]
[    0.362111] pci 0001:0a:00.0: reg 0x18: [io  0x8100-0x8107]
[    0.362125] pci 0001:0a:00.0: reg 0x1c: [io  0x8140-0x8143]
[    0.362140] pci 0001:0a:00.0: reg 0x20: [io  0x800000-0x80001f]
[    0.362155] pci 0001:0a:00.0: reg 0x24: [mem 0x3fe081010000-0x3fe0810107ff]
[    0.362170] pci 0001:0a:00.0: reg 0x30: [mem 0x3fe0d0000000-0x3fe0d000ffff pref]
[    0.362266] pci 0001:0a:00.0: PME# supported from D3hot
[    0.381571] pci 0001:02:09.0: PCI bridge to [bus 0a]
[    0.381684] pci 0001:02:09.0:   bridge window [mem 0x3fe081000000-0x3fe0817fffff]
[    0.381695] pci 0001:02:09.0:   bridge window [mem 0x3b1010000000-0x3b101fffffff 64bit pref]
[    0.381826] pci 0001:0b:00.0: [1a03:1150] type 01 class 0x060400
[    0.382028] pci 0001:0b:00.0: supports D1 D2
[    0.382031] pci 0001:0b:00.0: PME# supported from D0 D1 D2 D3hot D3cold
[    0.382114] pci 0001:0b:00.0: disabling ASPM on pre-1.1 PCIe device.  You can enable it with 'pcie_aspm=force'
[    0.382297] pci 0001:02:0a.0: PCI bridge to [bus 0b-0c]
[    0.382353] pci 0001:02:0a.0:   bridge window [mem 0x3fe081800000-0x3fe082ffffff]
[    0.382502] pci 0001:0c:00.0: [1a03:2000] type 00 class 0x030000
[    0.382542] pci 0001:0c:00.0: reg 0x10: [mem 0x3fe082000000-0x3fe082ffffff]
[    0.382560] pci 0001:0c:00.0: reg 0x14: [mem 0x3fe081800000-0x3fe08181ffff]
[    0.382578] pci 0001:0c:00.0: reg 0x18: [io  0x0000-0x007f]
[    0.382729] pci 0001:0c:00.0: supports D1 D2
[    0.382731] pci 0001:0c:00.0: PME# supported from D0 D1 D2 D3hot D3cold
[    0.382795] pci 0001:0b:00.0: PCI bridge to [bus 0c]
[    0.382854] pci 0001:0b:00.0:   bridge window [mem 0x3fe081800000-0x3fe082ffffff]
[    0.382973] pci 0001:02:10.0: PCI bridge to [bus 0d-11]
[    0.383122] pci 0001:02:11.0: PCI bridge to [bus 12-16]
[    0.383176] pci 0001:02:11.0:   bridge window [mem 0x3fe083000000-0x3fe0837fffff]
[    0.383186] pci 0001:02:11.0:   bridge window [mem 0x3b1020000000-0x3b102fffffff 64bit pref]
[    0.383276] pci 0001:02:12.0: PCI bridge to [bus 17-1b]
[    0.383430] pci 0001:02:13.0: PCI bridge to [bus 1c-20]
[    0.383486] pci 0001:02:13.0:   bridge window [mem 0x3fe083800000-0x3fe083ffffff]
[    0.383496] pci 0001:02:13.0:   bridge window [mem 0x3b1030000000-0x3b103fffffff 64bit pref]
[    0.383579] pci_bus 0001:00: busn_res: [bus 00-ff] end is updated to 20
[    0.383640] PCI: I/O resource not set for host bridge /pciex@3fffe40200000 (domain 2)
[    0.383733] PCI host bridge to bus 0002:00
[    0.383768] pci_bus 0002:00: root bus resource [mem 0x3fe100000000-0x3fe17ffeffff] (bus address [0x80000000-0xfffeffff])
[    0.383851] pci_bus 0002:00: root bus resource [mem 0x3b2000000000-0x3b2fefffffff 64bit pref]
[    0.383923] pci_bus 0002:00: root bus resource [bus 00-ff]
[    0.383966] pci_bus 0002:00: busn_res: [bus 00-ff] end is updated to ff
[    0.383988] pci 0002:00:00.0: [1014:03dc] type 01 class 0x060400
[    0.384097] pci 0002:00:00.0: PME# supported from D0 D3hot D3cold
[    0.384217] pci 0002:00:00.0: PCI bridge to [bus 01]
[    0.384285] pci_bus 0002:00: busn_res: [bus 00-ff] end is updated to 01
[    0.384406] pci 0000:00:00.0: BAR 14: assigned [mem 0x3fe000000000-0x3fe0007fffff]
[    0.384469] pci 0000:00:00.0: BAR 13: no space for [io  size 0x1000]
[    0.384522] pci 0000:00:00.0: BAR 13: failed to assign [io  size 0x1000]
[    0.384576] pci 0000:01:00.0: BAR 0: assigned [mem 0x3fe000000000-0x3fe0000fffff 64bit]
[    0.384652] pci 0000:01:00.0: BAR 6: assigned [mem 0x3fe000100000-0x3fe00017ffff pref]
[    0.384718] pci 0000:01:00.0: BAR 2: assigned [mem 0x3fe000180000-0x3fe0001803ff 64bit]
[    0.384794] pci 0000:01:00.0: BAR 4: no space for [io  size 0x0100]
[    0.384848] pci 0000:01:00.0: BAR 4: failed to assign [io  size 0x0100]
[    0.384901] pci 0000:00:00.0: PCI bridge to [bus 01]
[    0.384948] pci 0000:00:00.0:   bridge window [mem 0x3fe000000000-0x3fe0007fffff]
[    0.385019] pci_bus 0000:00: Some PCI device resources are unassigned, try booting with pci=realloc
[    0.385097] pci_bus 0000:00: resource 4 [mem 0x3fe000000000-0x3fe07ffeffff]
[    0.385100] pci_bus 0000:00: resource 5 [mem 0x3b0000000000-0x3b0fefffffff 64bit pref]
[    0.385102] pci_bus 0000:01: resource 1 [mem 0x3fe000000000-0x3fe0007fffff]
[    0.385117] pci 0001:02:01.0: bridge window [io  0x1000-0x0fff] to [bus 03] add_size 1000
[    0.385121] pci 0001:02:01.0: bridge window [mem 0x00800000-0x007fffff] to [bus 03] add_size 800000
[    0.385158] pci 0001:02:09.0: bridge window [mem 0x10000000-0x0fffffff 64bit pref] to [bus 0a] add_size 10000000
[    0.385209] pci 0001:02:11.0: bridge window [io  0x1000-0x0fff] to [bus 12-16] add_size 1000
[    0.385212] pci 0001:02:11.0: bridge window [mem 0x10000000-0x0fffffff 64bit pref] to [bus 12-16] add_size 10000000
[    0.385215] pci 0001:02:11.0: bridge window [mem 0x00800000-0x007fffff] to [bus 12-16] add_size 800000
[    0.385239] pci 0001:02:13.0: bridge window [io  0x1000-0x0fff] to [bus 1c-20] add_size 1000
[    0.385243] pci 0001:02:13.0: bridge window [mem 0x10000000-0x0fffffff 64bit pref] to [bus 1c-20] add_size 10000000
[    0.385246] pci 0001:02:13.0: bridge window [mem 0x00800000-0x007fffff] to [bus 1c-20] add_size 800000
[    0.385259] pci 0001:02:01.0: res[13]=[io  0x1000-0x0fff] get_res_add_size add_size 1000
[    0.385263] pci 0001:02:11.0: res[13]=[io  0x1000-0x0fff] get_res_add_size add_size 1000
[    0.385266] pci 0001:02:13.0: res[13]=[io  0x1000-0x0fff] get_res_add_size add_size 1000
[    0.385269] pci 0001:01:00.0: bridge window [io  0x1000-0x2fff] to [bus 02-20] add_size 3000
[    0.385272] pci 0001:02:09.0: res[15]=[mem 0x10000000-0x0fffffff 64bit pref] get_res_add_size add_size 10000000
[    0.385275] pci 0001:02:11.0: res[15]=[mem 0x10000000-0x0fffffff 64bit pref] get_res_add_size add_size 10000000
[    0.385278] pci 0001:02:13.0: res[15]=[mem 0x10000000-0x0fffffff 64bit pref] get_res_add_size add_size 10000000
[    0.385282] pci 0001:01:00.0: bridge window [mem 0x10000000-0x1fffffff 64bit pref] to [bus 02-20] add_size 30000000
[    0.385285] pci 0001:02:01.0: res[14]=[mem 0x00800000-0x007fffff] get_res_add_size add_size 800000
[    0.385288] pci 0001:02:11.0: res[14]=[mem 0x00800000-0x007fffff] get_res_add_size add_size 800000
[    0.385291] pci 0001:02:13.0: res[14]=[mem 0x00800000-0x007fffff] get_res_add_size add_size 800000
[    0.385294] pci 0001:01:00.0: bridge window [mem 0x00800000-0x02ffffff] to [bus 02-20] add_size 1800000
[    0.385306] pci 0001:01:00.0: res[13]=[io  0x1000-0x2fff] get_res_add_size add_size 3000
[    0.385309] pci 0001:00:00.0: bridge window [io  0x1000-0x2fff] to [bus 01-20] add_size 3000
[    0.385312] pci 0001:01:00.0: res[15]=[mem 0x10000000-0x1fffffff 64bit pref] get_res_add_size add_size 30000000
[    0.385317] pci 0001:00:00.0: bridge window [mem 0x10000000-0x1fffffff 64bit pref] to [bus 01-20] add_size 30000000
[    0.385320] pci 0001:01:00.0: res[14]=[mem 0x00800000-0x02ffffff] get_res_add_size add_size 1800000
[    0.385323] pci 0001:00:00.0: bridge window [mem 0x00800000-0x037fffff] to [bus 01-20] add_size 1800000
[    0.385327] pci 0001:00:00.0: res[15]=[mem 0x10000000-0x1fffffff 64bit pref] get_res_add_size add_size 30000000
[    0.385329] pci 0001:00:00.0: res[14]=[mem 0x00800000-0x037fffff] get_res_add_size add_size 1800000
[    0.385332] pci 0001:00:00.0: res[13]=[io  0x1000-0x2fff] get_res_add_size add_size 3000
[    0.385335] pci 0001:00:00.0: BAR 15: assigned [mem 0x3b1000000000-0x3b103fffffff 64bit pref]
[    0.385408] pci 0001:00:00.0: BAR 14: assigned [mem 0x3fe080000000-0x3fe0847fffff]
[    0.385476] pci 0001:00:00.0: BAR 13: no space for [io  size 0x5000]
[    0.385528] pci 0001:00:00.0: BAR 13: failed to assign [io  size 0x5000]
[    0.385587] pci 0001:00:00.0: BAR 13: no space for [io  size 0x2000]
[    0.386477] pci 0001:00:00.0: BAR 13: failed to assign [io  size 0x2000]
[    0.387873] pci 0001:01
