sys.executable:
===============================================================================
/usr/bin/python3



sys.version_info:
===============================================================================
sys.version_info(major=3, minor=7, micro=2, releaselevel='final', serial=0)



sys.maxsize:
===============================================================================
9223372036854775807 (64 bit)



multiprocessing.cpu_count:
===============================================================================
8



os.cpu_count:
===============================================================================
8



os.sysconf('SC_NPROCESSORS_ONLN'):
===============================================================================
8



sysctl -n hw.ncpu:
===============================================================================




platform.uname:
===============================================================================
uname_result(system='Linux', node='localhost.localdomain', release='5.0.5-200.fc29.x86_64', version='#1 SMP Wed Mar 27 20:58:04 UTC 2019', machine='x86_64', processor='x86_64')



platform.architecture:
===============================================================================
('64bit', '')



platform.system:
===============================================================================
Linux



platform.machine:
===============================================================================
x86_64



sestatus:
===============================================================================
SELinux status:                 enabled
SELinuxfs mount:                /sys/fs/selinux
SELinux root directory:         /etc/selinux
Loaded policy name:             targeted
Current mode:                   enforcing
Mode from config file:          enforcing
Policy MLS status:              enabled
Policy deny_unknown status:     allowed
Memory protection checking:     actual (secure)
Max kernel policy version:      31

Policy booleans:
abrt_anon_write                             off
abrt_handle_event                           off
abrt_upload_watch_anon_write                on
antivirus_can_scan_system                   off
antivirus_use_jit                           off
auditadm_exec_content                       on
authlogin_nsswitch_use_ldap                 off
authlogin_radius                            off
authlogin_yubikey                           off
awstats_purge_apache_log_files              off
boinc_execmem                               on
cdrecord_read_content                       off
cluster_can_network_connect                 off
cluster_manage_all_files                    off
cluster_use_execmem                         off
cobbler_anon_write                          off
cobbler_can_network_connect                 off
cobbler_use_cifs                            off
cobbler_use_nfs                             off
collectd_tcp_network_connect                off
colord_use_nfs                              off
condor_tcp_network_connect                  off
conman_can_network                          off
conman_use_nfs                              off
cron_can_relabel                            off
cron_system_cronjob_use_shares              off
cron_userdomain_transition                  on
cups_execmem                                off
cvs_read_shadow                             off
daemons_dump_core                           off
daemons_enable_cluster_mode                 off
daemons_use_tcp_wrapper                     off
daemons_use_tty                             off
dbadm_exec_content                          on
dbadm_manage_user_files                     off
dbadm_read_user_files                       off
deny_execmem                                off
deny_ptrace                                 off
dhcpc_exec_iptables                         off
dhcpd_use_ldap                              off
domain_can_mmap_files                       off
domain_can_write_kmsg                       off
domain_fd_use                               on
domain_kernel_load_modules                  off
entropyd_use_audio                          on
exim_can_connect_db                         off
exim_manage_user_files                      off
exim_read_user_files                        off
fcron_crond                                 off
fenced_can_network_connect                  off
fenced_can_ssh                              off
fips_mode                                   on
ftpd_anon_write                             off
ftpd_connect_all_unreserved                 off
ftpd_connect_db                             off
ftpd_full_access                            off
ftpd_use_cifs                               off
ftpd_use_fusefs                             off
ftpd_use_nfs                                off
ftpd_use_passive_mode                       off
git_cgi_enable_homedirs                     off
git_cgi_use_cifs                            off
git_cgi_use_nfs                             off
git_session_bind_all_unreserved_ports       off
git_session_users                           off
git_system_enable_homedirs                  off
git_system_use_cifs                         off
git_system_use_nfs                          off
gitosis_can_sendmail                        off
glance_api_can_network                      off
glance_use_execmem                          off
glance_use_fusefs                           off
global_ssp                                  off
gluster_anon_write                          off
gluster_export_all_ro                       off
gluster_export_all_rw                       on
gluster_use_execmem                         off
gpg_web_anon_write                          off
gssd_read_tmp                               on
guest_exec_content                          on
haproxy_connect_any                         off
httpd_anon_write                            off
httpd_builtin_scripting                     on
httpd_can_check_spam                        off
httpd_can_connect_ftp                       off
httpd_can_connect_ldap                      off
httpd_can_connect_mythtv                    off
httpd_can_connect_zabbix                    off
httpd_can_network_connect                   off
httpd_can_network_connect_cobbler           off
httpd_can_network_connect_db                off
httpd_can_network_memcache                  off
httpd_can_network_relay                     off
httpd_can_sendmail                          off
httpd_dbus_avahi                            off
httpd_dbus_sssd                             off
httpd_dontaudit_search_dirs                 off
httpd_enable_cgi                            on
httpd_enable_ftp_server                     off
httpd_enable_homedirs                       off
httpd_execmem                               off
httpd_graceful_shutdown                     off
httpd_manage_ipa                            off
httpd_mod_auth_ntlm_winbind                 off
httpd_mod_auth_pam                          off
httpd_read_user_content                     off
httpd_run_ipa                               off
httpd_run_preupgrade                        off
httpd_run_stickshift                        off
httpd_serve_cobbler_files                   off
httpd_setrlimit                             off
httpd_ssi_exec                              off
httpd_sys_script_anon_write                 off
httpd_tmp_exec                              off
httpd_tty_comm                              off
httpd_unified                               off
httpd_use_cifs                              off
httpd_use_fusefs                            off
httpd_use_gpg                               off
httpd_use_nfs                               off
httpd_use_openstack                         off
httpd_use_sasl                              off
httpd_verify_dns                            off
icecast_use_any_tcp_ports                   off
irc_use_any_tcp_ports                       off
irssi_use_full_network                      off
kdumpgui_run_bootloader                     off
keepalived_connect_any                      off
kerberos_enabled                            on
ksmtuned_use_cifs                           off
ksmtuned_use_nfs                            off
logadm_exec_content                         on
logging_syslogd_can_sendmail                off
logging_syslogd_run_nagios_plugins          off
logging_syslogd_use_tty                     on
login_console_enabled                       on
logrotate_read_inside_containers            off
logrotate_use_nfs                           off
logwatch_can_network_connect_mail           off
lsmd_plugin_connect_any                     off
mailman_use_fusefs                          off
mcelog_client                               off
mcelog_exec_scripts                         on
mcelog_foreground                           off
mcelog_server                               off
minidlna_read_generic_user_content          off
mmap_low_allowed                            off
mock_enable_homedirs                        off
mount_anyfile                               on
mozilla_plugin_bind_unreserved_ports        off
mozilla_plugin_can_network_connect          on
mozilla_plugin_use_bluejeans                off
mozilla_plugin_use_gps                      off
mozilla_plugin_use_spice                    off
mozilla_read_content                        off
mpd_enable_homedirs                         off
mpd_use_cifs                                off
mpd_use_nfs                                 off
mplayer_execstack                           off
mysql_connect_any                           off
mysql_connect_http                          off
nagios_run_pnp4nagios                       off
nagios_run_sudo                             off
nagios_use_nfs                              off
named_tcp_bind_http_port                    off
named_write_master_zones                    off
neutron_can_network                         off
nfs_export_all_ro                           on
nfs_export_all_rw                           on
nfsd_anon_write                             off
nis_enabled                                 off
nscd_use_shm                                on
openshift_use_nfs                           off
openvpn_can_network_connect                 on
openvpn_enable_homedirs                     on
openvpn_run_unconfined                      off
pcp_bind_all_unreserved_ports               off
pcp_read_generic_logs                       off
pdns_can_network_connect_db                 off
piranha_lvs_can_network_connect             off
polipo_connect_all_unreserved               off
polipo_session_bind_all_unreserved_ports    off
polipo_session_users                        off
polipo_use_cifs                             off
polipo_use_nfs                              off
polyinstantiation_enabled                   off
postfix_local_write_mail_spool              on
postgresql_can_rsync                        off
postgresql_selinux_transmit_client_label    off
postgresql_selinux_unconfined_dbadm         on
postgresql_selinux_users_ddl                on
pppd_can_insmod                             off
pppd_for_user                               off
privoxy_connect_any                         on
prosody_bind_http_port                      off
puppetagent_manage_all_files                off
puppetmaster_use_db                         off
racoon_read_shadow                          off
radius_use_jit                              off
redis_enable_notify                         off
rpcd_use_fusefs                             off
rsync_anon_write                            off
rsync_client                                off
rsync_export_all_ro                         off
rsync_full_access                           off
samba_create_home_dirs                      off
samba_domain_controller                     off
samba_enable_home_dirs                      off
samba_export_all_ro                         off
samba_export_all_rw                         off
samba_load_libgfapi                         off
samba_portmapper                            off
samba_run_unconfined                        off
samba_share_fusefs                          off
samba_share_nfs                             off
sanlock_enable_home_dirs                    off
sanlock_use_fusefs                          off
sanlock_use_nfs                             off
sanlock_use_samba                           off
saslauthd_read_shadow                       off
secadm_exec_content                         on
secure_mode                                 off
secure_mode_insmod                          off
secure_mode_policyload                      off
selinuxuser_direct_dri_enabled              on
selinuxuser_execheap                        off
selinuxuser_execmod                         on
selinuxuser_execstack                       on
selinuxuser_mysql_connect_enabled           off
selinuxuser_ping                            on
selinuxuser_postgresql_connect_enabled      off
selinuxuser_rw_noexattrfile                 on
selinuxuser_share_music                     off
selinuxuser_tcp_server                      off
selinuxuser_udp_server                      off
selinuxuser_use_ssh_chroot                  off
sge_domain_can_network_connect              off
sge_use_nfs                                 off
smartmon_3ware                              off
smbd_anon_write                             off
spamassassin_can_network                    off
spamd_enable_home_dirs                      on
spamd_update_can_network                    off
squid_connect_any                           on
squid_use_tproxy                            off
ssh_chroot_rw_homedirs                      off
ssh_keysign                                 off
ssh_sysadm_login                            off
ssh_use_tcpd                                off
sslh_can_bind_any_port                      off
sslh_can_connect_any_port                   off
staff_exec_content                          on
staff_use_svirt                             off
swift_can_network                           off
sysadm_exec_content                         on
telepathy_connect_all_ports                 off
telepathy_tcp_connect_generic_network_ports on
tftp_anon_write                             off
tftp_home_dir                               off
tmpreaper_use_cifs                          off
tmpreaper_use_nfs                           off
tmpreaper_use_samba                         off
tomcat_can_network_connect_db               off
tomcat_read_rpm_db                          off
tomcat_use_execmem                          off
tor_bind_all_unreserved_ports               off
tor_can_network_relay                       off
tor_can_onion_services                      off
unconfined_chrome_sandbox_transition        on
unconfined_login                            on
unconfined_mozilla_plugin_transition        on
unprivuser_use_svirt                        off
use_ecryptfs_home_dirs                      off
use_fusefs_home_dirs                        off
use_lpd_server                              off
use_nfs_home_dirs                           off
use_samba_home_dirs                         off
use_virtualbox                              off
user_exec_content                           on
varnishd_connect_any                        off
virt_read_qemu_ga_data                      off
virt_rw_qemu_ga_data                        off
virt_sandbox_share_apache_content           off
virt_sandbox_use_all_caps                   on
virt_sandbox_use_audit                      on
virt_sandbox_use_fusefs                     off
virt_sandbox_use_mknod                      off
virt_sandbox_use_netlink                    off
virt_sandbox_use_sys_admin                  off
virt_transition_userdomain                  off
virt_use_comm                               off
virt_use_execmem                            off
virt_use_fusefs                             off
virt_use_glusterd                           off
virt_use_nfs                                off
virt_use_pcscd                              off
virt_use_rawip                              off
virt_use_samba                              off
virt_use_sanlock                            off
virt_use_usb                                on
virt_use_xserver                            off
webadm_manage_user_files                    off
webadm_read_user_files                      off
wine_mmap_zero_ignore                       off
xdm_bind_vnc_tcp_port                       off
xdm_exec_bootloader                         off
xdm_sysadm_login                            off
xdm_write_home                              off
xen_use_nfs                                 off
xend_run_blktap                             on
xend_run_qemu                               on
xguest_connect_network                      on
xguest_exec_content                         on
xguest_mount_media                          on
xguest_use_bluetooth                        on
xserver_clients_write_xshm                  off
xserver_execmem                             off
xserver_object_manager                      off
zabbix_can_network                          off
zabbix_run_sudo                             off
zarafa_setrlimit                            off
zebra_write_config                          off
zoneminder_anon_write                       off
zoneminder_run_sudo                         off




cat /proc/cpuinfo:
===============================================================================
processor	: 0
vendor_id	: AuthenticAMD
cpu family	: 23
model		: 8
model name	: AMD Ryzen 7 2700X Eight-Core Processor
stepping	: 2
microcode	: 0x6000626
cpu MHz		: 3693.060
cache size	: 512 KB
physical id	: 0
siblings	: 8
core id		: 0
cpu cores	: 8
apicid		: 0
initial apicid	: 0
fpu		: yes
fpu_exception	: yes
cpuid level	: 13
wp		: yes
flags		: fpu vme de pse tsc msr pae mce cx8 apic sep mtrr pge mca cmov pat pse36 clflush mmx fxsr sse sse2 ht syscall nx mmxext fxsr_opt rdtscp lm constant_tsc rep_good nopl nonstop_tsc cpuid extd_apicid tsc_known_freq pni pclmulqdq ssse3 cx16 sse4_1 sse4_2 x2apic movbe popcnt aes xsave avx rdrand hypervisor lahf_lm cmp_legacy cr8_legacy abm sse4a misalignsse 3dnowprefetch cpb ssbd vmmcall fsgsbase avx2 rdseed clflushopt arat
bugs		: fxsave_leak sysret_ss_attrs null_seg spectre_v1 spectre_v2 spec_store_bypass
bogomips	: 7386.12
TLB size	: 2560 4K pages
clflush size	: 64
cache_alignment	: 64
address sizes	: 48 bits physical, 48 bits virtual
power management:

processor	: 1
vendor_id	: AuthenticAMD
cpu family	: 23
model		: 8
model name	: AMD Ryzen 7 2700X Eight-Core Processor
stepping	: 2
microcode	: 0x6000626
cpu MHz		: 3693.060
cache size	: 512 KB
physical id	: 0
siblings	: 8
core id		: 1
cpu cores	: 8
apicid		: 1
initial apicid	: 1
fpu		: yes
fpu_exception	: yes
cpuid level	: 13
wp		: yes
flags		: fpu vme de pse tsc msr pae mce cx8 apic sep mtrr pge mca cmov pat pse36 clflush mmx fxsr sse sse2 ht syscall nx mmxext fxsr_opt rdtscp lm constant_tsc rep_good nopl nonstop_tsc cpuid extd_apicid tsc_known_freq pni pclmulqdq ssse3 cx16 sse4_1 sse4_2 x2apic movbe popcnt aes xsave avx rdrand hypervisor lahf_lm cmp_legacy cr8_legacy abm sse4a misalignsse 3dnowprefetch cpb ssbd vmmcall fsgsbase avx2 rdseed clflushopt arat
bugs		: fxsave_leak sysret_ss_attrs null_seg spectre_v1 spectre_v2 spec_store_bypass
bogomips	: 7386.12
TLB size	: 2560 4K pages
clflush size	: 64
cache_alignment	: 64
address sizes	: 48 bits physical, 48 bits virtual
power management:

processor	: 2
vendor_id	: AuthenticAMD
cpu family	: 23
model		: 8
model name	: AMD Ryzen 7 2700X Eight-Core Processor
stepping	: 2
microcode	: 0x6000626
cpu MHz		: 3693.060
cache size	: 512 KB
physical id	: 0
siblings	: 8
core id		: 2
cpu cores	: 8
apicid		: 2
initial apicid	: 2
fpu		: yes
fpu_exception	: yes
cpuid level	: 13
wp		: yes
flags		: fpu vme de pse tsc msr pae mce cx8 apic sep mtrr pge mca cmov pat pse36 clflush mmx fxsr sse sse2 ht syscall nx mmxext fxsr_opt rdtscp lm constant_tsc rep_good nopl nonstop_tsc cpuid extd_apicid tsc_known_freq pni pclmulqdq ssse3 cx16 sse4_1 sse4_2 x2apic movbe popcnt aes xsave avx rdrand hypervisor lahf_lm cmp_legacy cr8_legacy abm sse4a misalignsse 3dnowprefetch cpb ssbd vmmcall fsgsbase avx2 rdseed clflushopt arat
bugs		: fxsave_leak sysret_ss_attrs null_seg spectre_v1 spectre_v2 spec_store_bypass
bogomips	: 7386.12
TLB size	: 2560 4K pages
clflush size	: 64
cache_alignment	: 64
address sizes	: 48 bits physical, 48 bits virtual
power management:

processor	: 3
vendor_id	: AuthenticAMD
cpu family	: 23
model		: 8
model name	: AMD Ryzen 7 2700X Eight-Core Processor
stepping	: 2
microcode	: 0x6000626
cpu MHz		: 3693.060
cache size	: 512 KB
physical id	: 0
siblings	: 8
core id		: 3
cpu cores	: 8
apicid		: 3
initial apicid	: 3
fpu		: yes
fpu_exception	: yes
cpuid level	: 13
wp		: yes
flags		: fpu vme de pse tsc msr pae mce cx8 apic sep mtrr pge mca cmov pat pse36 clflush mmx fxsr sse sse2 ht syscall nx mmxext fxsr_opt rdtscp lm constant_tsc rep_good nopl nonstop_tsc cpuid extd_apicid tsc_known_freq pni pclmulqdq ssse3 cx16 sse4_1 sse4_2 x2apic movbe popcnt aes xsave avx rdrand hypervisor lahf_lm cmp_legacy cr8_legacy abm sse4a misalignsse 3dnowprefetch cpb ssbd vmmcall fsgsbase avx2 rdseed clflushopt arat
bugs		: fxsave_leak sysret_ss_attrs null_seg spectre_v1 spectre_v2 spec_store_bypass
bogomips	: 7386.12
TLB size	: 2560 4K pages
clflush size	: 64
cache_alignment	: 64
address sizes	: 48 bits physical, 48 bits virtual
power management:

processor	: 4
vendor_id	: AuthenticAMD
cpu family	: 23
model		: 8
model name	: AMD Ryzen 7 2700X Eight-Core Processor
stepping	: 2
microcode	: 0x6000626
cpu MHz		: 3693.060
cache size	: 512 KB
physical id	: 0
siblings	: 8
core id		: 4
cpu cores	: 8
apicid		: 4
initial apicid	: 4
fpu		: yes
fpu_exception	: yes
cpuid level	: 13
wp		: yes
flags		: fpu vme de pse tsc msr pae mce cx8 apic sep mtrr pge mca cmov pat pse36 clflush mmx fxsr sse sse2 ht syscall nx mmxext fxsr_opt rdtscp lm constant_tsc rep_good nopl nonstop_tsc cpuid extd_apicid tsc_known_freq pni pclmulqdq ssse3 cx16 sse4_1 sse4_2 x2apic movbe popcnt aes xsave avx rdrand hypervisor lahf_lm cmp_legacy cr8_legacy abm sse4a misalignsse 3dnowprefetch cpb ssbd vmmcall fsgsbase avx2 rdseed clflushopt arat
bugs		: fxsave_leak sysret_ss_attrs null_seg spectre_v1 spectre_v2 spec_store_bypass
bogomips	: 7386.12
TLB size	: 2560 4K pages
clflush size	: 64
cache_alignment	: 64
address sizes	: 48 bits physical, 48 bits virtual
power management:

processor	: 5
vendor_id	: AuthenticAMD
cpu family	: 23
model		: 8
model name	: AMD Ryzen 7 2700X Eight-Core Processor
stepping	: 2
microcode	: 0x6000626
cpu MHz		: 3693.060
cache size	: 512 KB
physical id	: 0
siblings	: 8
core id		: 5
cpu cores	: 8
apicid		: 5
initial apicid	: 5
fpu		: yes
fpu_exception	: yes
cpuid level	: 13
wp		: yes
flags		: fpu vme de pse tsc msr pae mce cx8 apic sep mtrr pge mca cmov pat pse36 clflush mmx fxsr sse sse2 ht syscall nx mmxext fxsr_opt rdtscp lm constant_tsc rep_good nopl nonstop_tsc cpuid extd_apicid tsc_known_freq pni pclmulqdq ssse3 cx16 sse4_1 sse4_2 x2apic movbe popcnt aes xsave avx rdrand hypervisor lahf_lm cmp_legacy cr8_legacy abm sse4a misalignsse 3dnowprefetch cpb ssbd vmmcall fsgsbase avx2 rdseed clflushopt arat
bugs		: fxsave_leak sysret_ss_attrs null_seg spectre_v1 spectre_v2 spec_store_bypass
bogomips	: 7386.12
TLB size	: 2560 4K pages
clflush size	: 64
cache_alignment	: 64
address sizes	: 48 bits physical, 48 bits virtual
power management:

processor	: 6
vendor_id	: AuthenticAMD
cpu family	: 23
model		: 8
model name	: AMD Ryzen 7 2700X Eight-Core Processor
stepping	: 2
microcode	: 0x6000626
cpu MHz		: 3693.060
cache size	: 512 KB
physical id	: 0
siblings	: 8
core id		: 6
cpu cores	: 8
apicid		: 6
initial apicid	: 6
fpu		: yes
fpu_exception	: yes
cpuid level	: 13
wp		: yes
flags		: fpu vme de pse tsc msr pae mce cx8 apic sep mtrr pge mca cmov pat pse36 clflush mmx fxsr sse sse2 ht syscall nx mmxext fxsr_opt rdtscp lm constant_tsc rep_good nopl nonstop_tsc cpuid extd_apicid tsc_known_freq pni pclmulqdq ssse3 cx16 sse4_1 sse4_2 x2apic movbe popcnt aes xsave avx rdrand hypervisor lahf_lm cmp_legacy cr8_legacy abm sse4a misalignsse 3dnowprefetch cpb ssbd vmmcall fsgsbase avx2 rdseed clflushopt arat
bugs		: fxsave_leak sysret_ss_attrs null_seg spectre_v1 spectre_v2 spec_store_bypass
bogomips	: 7386.12
TLB size	: 2560 4K pages
clflush size	: 64
cache_alignment	: 64
address sizes	: 48 bits physical, 48 bits virtual
power management:

processor	: 7
vendor_id	: AuthenticAMD
cpu family	: 23
model		: 8
model name	: AMD Ryzen 7 2700X Eight-Core Processor
stepping	: 2
microcode	: 0x6000626
cpu MHz		: 3693.060
cache size	: 512 KB
physical id	: 0
siblings	: 8
core id		: 7
cpu cores	: 8
apicid		: 7
initial apicid	: 7
fpu		: yes
fpu_exception	: yes
cpuid level	: 13
wp		: yes
flags		: fpu vme de pse tsc msr pae mce cx8 apic sep mtrr pge mca cmov pat pse36 clflush mmx fxsr sse sse2 ht syscall nx mmxext fxsr_opt rdtscp lm constant_tsc rep_good nopl nonstop_tsc cpuid extd_apicid tsc_known_freq pni pclmulqdq ssse3 cx16 sse4_1 sse4_2 x2apic movbe popcnt aes xsave avx rdrand hypervisor lahf_lm cmp_legacy cr8_legacy abm sse4a misalignsse 3dnowprefetch cpb ssbd vmmcall fsgsbase avx2 rdseed clflushopt arat
bugs		: fxsave_leak sysret_ss_attrs null_seg spectre_v1 spectre_v2 spec_store_bypass
bogomips	: 7386.12
TLB size	: 2560 4K pages
clflush size	: 64
cache_alignment	: 64
address sizes	: 48 bits physical, 48 bits virtual
power management:





sysctl machdep.cpu hw.cpufrequency:
===============================================================================




sysctl hw.model hw.machine:
===============================================================================




lscpu:
===============================================================================
Architecture:        x86_64
CPU op-mode(s):      32-bit, 64-bit
Byte Order:          Little Endian
CPU(s):              8
On-line CPU(s) list: 0-7
Thread(s) per core:  1
Core(s) per socket:  8
Socket(s):           1
NUMA node(s):        1
Vendor ID:           AuthenticAMD
CPU family:          23
Model:               8
Model name:          AMD Ryzen 7 2700X Eight-Core Processor
Stepping:            2
CPU MHz:             3693.060
BogoMIPS:            7386.12
Hypervisor vendor:   KVM
Virtualization type: full
L1d cache:           32K
L1i cache:           64K
L2 cache:            512K
L3 cache:            16384K
NUMA node0 CPU(s):   0-7
Flags:               fpu vme de pse tsc msr pae mce cx8 apic sep mtrr pge mca cmov pat pse36 clflush mmx fxsr sse sse2 ht syscall nx mmxext fxsr_opt rdtscp lm constant_tsc rep_good nopl nonstop_tsc cpuid extd_apicid tsc_known_freq pni pclmulqdq ssse3 cx16 sse4_1 sse4_2 x2apic movbe popcnt aes xsave avx rdrand hypervisor lahf_lm cmp_legacy cr8_legacy abm sse4a misalignsse 3dnowprefetch cpb ssbd vmmcall fsgsbase avx2 rdseed clflushopt arat




dmesg:
===============================================================================
[    0.000000] Linux version 5.0.5-200.fc29.x86_64 (mockbuild@bkernel04.phx2.fedoraproject.org) (gcc version 8.3.1 20190223 (Red Hat 8.3.1-2) (GCC)) #1 SMP Wed Mar 27 20:58:04 UTC 2019
[    0.000000] Command line: BOOT_IMAGE=/vmlinuz-5.0.5-200.fc29.x86_64 root=/dev/mapper/fedora-root ro resume=/dev/mapper/fedora-swap rd.lvm.lv=fedora/root rd.lvm.lv=fedora/swap rhgb quiet LANG=en_US.UTF-8
[    0.000000] [Firmware Bug]: TSC doesn't count with P0 frequency!
[    0.000000] x86/fpu: Supporting XSAVE feature 0x001: 'x87 floating point registers'
[    0.000000] x86/fpu: Supporting XSAVE feature 0x002: 'SSE registers'
[    0.000000] x86/fpu: Supporting XSAVE feature 0x004: 'AVX registers'
[    0.000000] x86/fpu: xstate_offset[2]:  576, xstate_sizes[2]:  256
[    0.000000] x86/fpu: Enabled xstate features 0x7, context size is 832 bytes, using 'standard' format.
[    0.000000] BIOS-provided physical RAM map:
[    0.000000] BIOS-e820: [mem 0x0000000000000000-0x000000000009fbff] usable
[    0.000000] BIOS-e820: [mem 0x000000000009fc00-0x000000000009ffff] reserved
[    0.000000] BIOS-e820: [mem 0x00000000000f0000-0x00000000000fffff] reserved
[    0.000000] BIOS-e820: [mem 0x0000000000100000-0x00000000dffeffff] usable
[    0.000000] BIOS-e820: [mem 0x00000000dfff0000-0x00000000dfffffff] ACPI data
[    0.000000] BIOS-e820: [mem 0x00000000fec00000-0x00000000fec00fff] reserved
[    0.000000] BIOS-e820: [mem 0x00000000fee00000-0x00000000fee00fff] reserved
[    0.000000] BIOS-e820: [mem 0x00000000fffc0000-0x00000000ffffffff] reserved
[    0.000000] BIOS-e820: [mem 0x0000000100000000-0x000000011fffffff] usable
[    0.000000] NX (Execute Disable) protection: active
[    0.000000] SMBIOS 2.5 present.
[    0.000000] DMI: innotek GmbH VirtualBox/VirtualBox, BIOS VirtualBox 12/01/2006
[    0.000000] Hypervisor detected: KVM
[    0.000000] kvm-clock: Using msrs 4b564d01 and 4b564d00
[    0.000000] kvm-clock: cpu 0, msr 1ee01001, primary cpu clock
[    0.000000] kvm-clock: using sched offset of 515327321029 cycles
[    0.000002] clocksource: kvm-clock: mask: 0xffffffffffffffff max_cycles: 0x1cd42e4dffb, max_idle_ns: 881590591483 ns
[    0.000003] tsc: Detected 3693.060 MHz processor
[    0.001253] e820: update [mem 0x00000000-0x00000fff] usable ==> reserved
[    0.001255] e820: remove [mem 0x000a0000-0x000fffff] usable
[    0.001258] last_pfn = 0x120000 max_arch_pfn = 0x400000000
[    0.001268] MTRR default type: uncachable
[    0.001269] MTRR variable ranges disabled:
[    0.001270] Disabled
[    0.001270] x86/PAT: MTRRs disabled, skipping PAT initialization too.
[    0.001272] CPU MTRRs all blank - virtualized system.
[    0.001274] x86/PAT: Configuration [0-7]: WB  WT  UC- UC  WB  WT  UC- UC
[    0.001278] last_pfn = 0xdfff0 max_arch_pfn = 0x400000000
[    0.068975] Base memory trampoline at [(____ptrval____)] 99000 size 24576
[    0.068993] BRK [0x1f001000, 0x1f001fff] PGTABLE
[    0.068995] BRK [0x1f002000, 0x1f002fff] PGTABLE
[    0.068996] BRK [0x1f003000, 0x1f003fff] PGTABLE
[    0.069017] BRK [0x1f004000, 0x1f004fff] PGTABLE
[    0.069018] BRK [0x1f005000, 0x1f005fff] PGTABLE
[    0.069138] RAMDISK: [mem 0x353b9000-0x369d4fff]
[    0.069146] ACPI: Early table checksum verification disabled
[    0.069153] ACPI: RSDP 0x00000000000E0000 000024 (v02 VBOX  )
[    0.069156] ACPI: XSDT 0x00000000DFFF0030 00003C (v01 VBOX   VBOXXSDT 00000001 ASL  00000061)
[    0.069160] ACPI: FACP 0x00000000DFFF00F0 0000F4 (v04 VBOX   VBOXFACP 00000001 ASL  00000061)
[    0.069163] ACPI: DSDT 0x00000000DFFF04A0 0022EA (v02 VBOX   VBOXBIOS 00000002 INTL 20100528)
[    0.069165] ACPI: FACS 0x00000000DFFF0200 000040
[    0.069166] ACPI: FACS 0x00000000DFFF0200 000040
[    0.069168] ACPI: APIC 0x00000000DFFF0240 00008C (v02 VBOX   VBOXAPIC 00000001 ASL  00000061)
[    0.069170] ACPI: SSDT 0x00000000DFFF02D0 0001CC (v01 VBOX   VBOXCPUT 00000002 INTL 20100528)
[    0.069175] ACPI: Local APIC address 0xfee00000
[    0.069370] No NUMA configuration found
[    0.069370] Faking a node at [mem 0x0000000000000000-0x000000011fffffff]
[    0.069377] NODE_DATA(0) allocated [mem 0x11ffd1000-0x11fffbfff]
[    0.077813] Zone ranges:
[    0.077815]   DMA      [mem 0x0000000000001000-0x0000000000ffffff]
[    0.077817]   DMA32    [mem 0x0000000001000000-0x00000000ffffffff]
[    0.077817]   Normal   [mem 0x0000000100000000-0x000000011fffffff]
[    0.077818]   Device   empty
[    0.077818] Movable zone start for each node
[    0.077821] Early memory node ranges
[    0.077821]   node   0: [mem 0x0000000000001000-0x000000000009efff]
[    0.077822]   node   0: [mem 0x0000000000100000-0x00000000dffeffff]
[    0.077822]   node   0: [mem 0x0000000100000000-0x000000011fffffff]
[    0.077826] Zeroed struct page in unavailable ranges: 114 pages
[    0.077828] Initmem setup node 0 [mem 0x0000000000001000-0x000000011fffffff]
[    0.077829] On node 0 totalpages: 1048462
[    0.077830]   DMA zone: 64 pages used for memmap
[    0.077830]   DMA zone: 21 pages reserved
[    0.077831]   DMA zone: 3998 pages, LIFO batch:0
[    0.077898]   DMA32 zone: 14272 pages used for memmap
[    0.077899]   DMA32 zone: 913392 pages, LIFO batch:63
[    0.093420]   Normal zone: 2048 pages used for memmap
[    0.093422]   Normal zone: 131072 pages, LIFO batch:31
[    0.095812] ACPI: PM-Timer IO Port: 0x4008
[    0.095815] ACPI: Local APIC address 0xfee00000
[    0.095868] IOAPIC[0]: apic_id 8, version 32, address 0xfec00000, GSI 0-23
[    0.095869] ACPI: INT_SRC_OVR (bus 0 bus_irq 0 global_irq 2 dfl dfl)
[    0.095870] ACPI: INT_SRC_OVR (bus 0 bus_irq 9 global_irq 9 low level)
[    0.095871] ACPI: IRQ0 used by override.
[    0.095872] ACPI: IRQ9 used by override.
[    0.095873] Using ACPI (MADT) for SMP configuration information
[    0.095878] smpboot: Allowing 8 CPUs, 0 hotplug CPUs
[    0.095897] PM: Registered nosave memory: [mem 0x00000000-0x00000fff]
[    0.095898] PM: Registered nosave memory: [mem 0x0009f000-0x0009ffff]
[    0.095898] PM: Registered nosave memory: [mem 0x000a0000-0x000effff]
[    0.095899] PM: Registered nosave memory: [mem 0x000f0000-0x000fffff]
[    0.095899] PM: Registered nosave memory: [mem 0xdfff0000-0xdfffffff]
[    0.095900] PM: Registered nosave memory: [mem 0xe0000000-0xfebfffff]
[    0.095900] PM: Registered nosave memory: [mem 0xfec00000-0xfec00fff]
[    0.095900] PM: Registered nosave memory: [mem 0xfec01000-0xfedfffff]
[    0.095901] PM: Registered nosave memory: [mem 0xfee00000-0xfee00fff]
[    0.095901] PM: Registered nosave memory: [mem 0xfee01000-0xfffbffff]
[    0.095901] PM: Registered nosave memory: [mem 0xfffc0000-0xffffffff]
[    0.095903] [mem 0xe0000000-0xfebfffff] available for PCI devices
[    0.095903] Booting paravirtualized kernel on KVM
[    0.095906] clocksource: refined-jiffies: mask: 0xffffffff max_cycles: 0xffffffff, max_idle_ns: 1910969940391419 ns
[    0.203286] random: get_random_bytes called from start_kernel+0x93/0x518 with crng_init=0
[    0.203294] setup_percpu: NR_CPUS:1024 nr_cpumask_bits:8 nr_cpu_ids:8 nr_node_ids:1
[    0.203511] percpu: Embedded 45 pages/cpu @(____ptrval____) s147456 r8192 d28672 u262144
[    0.203515] pcpu-alloc: s147456 r8192 d28672 u262144 alloc=1*2097152
[    0.203515] pcpu-alloc: [0] 0 1 2 3 4 5 6 7
[    0.203535] Built 1 zonelists, mobility grouping on.  Total pages: 1032057
[    0.203535] Policy zone: Normal
[    0.203537] Kernel command line: BOOT_IMAGE=/vmlinuz-5.0.5-200.fc29.x86_64 root=/dev/mapper/fedora-root ro resume=/dev/mapper/fedora-swap rd.lvm.lv=fedora/root rd.lvm.lv=fedora/swap rhgb quiet LANG=en_US.UTF-8
[    0.219910] Memory: 4004956K/4193848K available (12291K kernel code, 1518K rwdata, 4136K rodata, 2196K init, 4716K bss, 188892K reserved, 0K cma-reserved)
[    0.220065] SLUB: HWalign=64, Order=0-3, MinObjects=0, CPUs=8, Nodes=1
[    0.220071] ftrace: allocating 38850 entries in 152 pages
[    0.231326] rcu: Hierarchical RCU implementation.
[    0.231327] rcu: 	RCU restricting CPUs from NR_CPUS=1024 to nr_cpu_ids=8.
[    0.231328] 	Tasks RCU enabled.
[    0.231328] rcu: RCU calculated value of scheduler-enlistment delay is 100 jiffies.
[    0.231329] rcu: Adjusting geometry for rcu_fanout_leaf=16, nr_cpu_ids=8
[    0.233025] NR_IRQS: 65792, nr_irqs: 488, preallocated irqs: 16
[    0.241425] Console: colour VGA+ 80x25
[    0.241427] printk: console [tty0] enabled
[    0.241440] ACPI: Core revision 20181213
[    0.241518] APIC: Switch to symmetric I/O mode setup
[    0.241714] x2apic enabled
[    0.241898] Switched APIC routing to physical x2apic.
[    0.242818] ..TIMER: vector=0x30 apic1=0 pin1=2 apic2=-1 pin2=-1
[    0.242836] clocksource: tsc-early: mask: 0xffffffffffffffff max_cycles: 0x6a77744cfd5, max_idle_ns: 881590969987 ns
[    0.242844] Calibrating delay loop (skipped) preset value.. 7386.12 BogoMIPS (lpj=3693060)
[    0.242846] pid_max: default: 32768 minimum: 301
[    0.242879] LSM: Security Framework initializing
[    0.242880] Yama: becoming mindful.
[    0.242882] SELinux:  Initializing.
[    0.243340] Dentry cache hash table entries: 524288 (order: 10, 4194304 bytes)
[    0.243570] Inode-cache hash table entries: 262144 (order: 9, 2097152 bytes)
[    0.243586] Mount-cache hash table entries: 8192 (order: 4, 65536 bytes)
[    0.243596] Mountpoint-cache hash table entries: 8192 (order: 4, 65536 bytes)
[    0.243816] mce: CPU supports 0 MCE banks
[    0.243828] Last level iTLB entries: 4KB 1024, 2MB 1024, 4MB 512
[    0.243828] Last level dTLB entries: 4KB 1536, 2MB 1536, 4MB 768, 1GB 0
[    0.243829] Spectre V2 : Spectre mitigation: LFENCE not serializing, switching to generic retpoline
[    0.243830] Spectre V2 : Mitigation: Full generic retpoline
[    0.243830] Spectre V2 : Spectre v2 / SpectreRSB mitigation: Filling RSB on context switch
[    0.243831] Speculative Store Bypass: Mitigation: Speculative Store Bypass disabled via prctl and seccomp
[    0.243838] Freeing SMP alternatives memory: 36K
[    0.243838] APIC calibration not consistent with PM-Timer: 110ms instead of 100ms
[    0.243838] APIC delta adjusted to PM-Timer: 6252826 (6915729)
[    0.243838] smpboot: CPU0: AMD Ryzen 7 2700X Eight-Core Processor (family: 0x17, model: 0x8, stepping: 0x2)
[    0.243838] Performance Events: PMU not available due to virtualization, using software events only.
[    0.243838] rcu: Hierarchical SRCU implementation.
[    0.243838] random: crng done (trusting CPU's manufacturer)
[    0.243838] NMI watchdog: Perf NMI watchdog permanently disabled
[    0.243838] smp: Bringing up secondary CPUs ...
[    0.243838] x86: Booting SMP configuration:
[    0.243838] .... node  #0, CPUs:      #1
[    0.010565] kvm-clock: cpu 1, msr 1ee01041, secondary cpu clock
[    0.010565] mce: CPU supports 0 MCE banks
[    0.244896]  #2
[    0.010565] kvm-clock: cpu 2, msr 1ee01081, secondary cpu clock
[    0.010565] mce: CPU supports 0 MCE banks
[    0.245895]  #3
[    0.010565] kvm-clock: cpu 3, msr 1ee010c1, secondary cpu clock
[    0.010565] mce: CPU supports 0 MCE banks
[    0.246899]  #4
[    0.010565] kvm-clock: cpu 4, msr 1ee01101, secondary cpu clock
[    0.010565] mce: CPU supports 0 MCE banks
[    0.247897]  #5
[    0.010565] kvm-clock: cpu 5, msr 1ee01141, secondary cpu clock
[    0.010565] mce: CPU supports 0 MCE banks
[    0.248906]  #6
[    0.010565] kvm-clock: cpu 6, msr 1ee01181, secondary cpu clock
[    0.010565] mce: CPU supports 0 MCE banks
[    0.249899]  #7
[    0.010565] kvm-clock: cpu 7, msr 1ee011c1, secondary cpu clock
[    0.010565] mce: CPU supports 0 MCE banks
[    0.250855] smp: Brought up 1 node, 8 CPUs
[    0.250855] smpboot: Max logical packages: 1
[    0.250855] smpboot: Total of 8 processors activated (59088.96 BogoMIPS)
[    0.250993] devtmpfs: initialized
[    0.250993] x86/mm: Memory block size: 128MB
[    0.251121] clocksource: jiffies: mask: 0xffffffff max_cycles: 0xffffffff, max_idle_ns: 1911260446275000 ns
[    0.251121] futex hash table entries: 2048 (order: 5, 131072 bytes)
[    0.251860] pinctrl core: initialized pinctrl subsystem
[    0.251934] RTC time: 16:42:00, date: 2019-04-03
[    0.252173] NET: Registered protocol family 16
[    0.252235] audit: initializing netlink subsys (disabled)
[    0.252242] audit: type=2000 audit(1554310238.010:1): state=initialized audit_enabled=0 res=1
[    0.252242] cpuidle: using governor menu
[    0.252895] ACPI: bus type PCI registered
[    0.252896] acpiphp: ACPI Hot Plug PCI Controller Driver version: 0.5
[    0.252972] PCI: Using configuration type 1 for base access
[    0.252972] PCI: Using configuration type 1 for extended access
[    0.253838] HugeTLB registered 2.00 MiB page size, pre-allocated 0 pages
[    0.253862] cryptd: max_cpu_qlen set to 1000
[    0.253933] ACPI: Added _OSI(Module Device)
[    0.253934] ACPI: Added _OSI(Processor Device)
[    0.253934] ACPI: Added _OSI(3.0 _SCP Extensions)
[    0.253935] ACPI: Added _OSI(Processor Aggregator Device)
[    0.253936] ACPI: Added _OSI(Linux-Dell-Video)
[    0.253936] ACPI: Added _OSI(Linux-Lenovo-NV-HDMI-Audio)
[    0.253937] ACPI: Added _OSI(Linux-HPI-Hybrid-Graphics)
[    0.255260] ACPI: 2 ACPI AML tables successfully acquired and loaded
[    0.255838] ACPI: Interpreter enabled
[    0.255838] ACPI: (supports S0 S5)
[    0.255838] ACPI: Using IOAPIC for interrupt routing
[    0.255838] PCI: Using host bridge windows from ACPI; if necessary, use "pci=nocrs" and report a bug
[    0.255838] ACPI: Enabled 2 GPEs in block 00 to 07
[    0.256838] ACPI: PCI Root Bridge [PCI0] (domain 0000 [bus 00-ff])
[    0.256838] acpi PNP0A03:00: _OSC: OS supports [ExtendedConfig ASPM ClockPM Segments MSI]
[    0.256838] acpi PNP0A03:00: _OSC: platform does not support [PCIeCapability LTR]
[    0.256838] acpi PNP0A03:00: _OSC: not requesting control; platform does not support [PCIeCapability]
[    0.256838] acpi PNP0A03:00: _OSC: OS requested [PCIeHotplug SHPCHotplug PME AER PCIeCapability LTR]
[    0.256838] acpi PNP0A03:00: _OSC: platform willing to grant [PCIeHotplug SHPCHotplug PME AER]
[    0.256838] acpi PNP0A03:00: _OSC failed (AE_SUPPORT); disabling ASPM
[    0.256838] PCI host bridge to bus 0000:00
[    0.256838] pci_bus 0000:00: root bus resource [io  0x0000-0x0cf7 window]
[    0.256838] pci_bus 0000:00: root bus resource [io  0x0d00-0xffff window]
[    0.256838] pci_bus 0000:00: root bus resource [mem 0x000a0000-0x000bffff window]
[    0.256838] pci_bus 0000:00: root bus resource [mem 0xe0000000-0xfdffffff window]
[    0.256838] pci_bus 0000:00: root bus resource [bus 00-ff]
[    0.256838] pci 0000:00:00.0: [8086:1237] type 00 class 0x060000
[    0.256838] pci 0000:00:01.0: [8086:7000] type 00 class 0x060100
[    0.256922] pci 0000:00:01.1: [8086:7111] type 00 class 0x01018a
[    0.257241] pci 0000:00:01.1: reg 0x20: [io  0xd000-0xd00f]
[    0.257362] pci 0000:00:01.1: legacy IDE quirk: reg 0x10: [io  0x01f0-0x01f7]
[    0.257363] pci 0000:00:01.1: legacy IDE quirk: reg 0x14: [io  0x03f6]
[    0.257364] pci 0000:00:01.1: legacy IDE quirk: reg 0x18: [io  0x0170-0x0177]
[    0.257364] pci 0000:00:01.1: legacy IDE quirk: reg 0x1c: [io  0x0376]
[    0.257515] pci 0000:00:02.0: [15ad:0405] type 00 class 0x030000
[    0.258838] pci 0000:00:02.0: reg 0x10: [io  0xd010-0xd01f]
[    0.259838] pci 0000:00:02.0: reg 0x14: [mem 0xf0000000-0xf7ffffff]
[    0.260838] pci 0000:00:02.0: reg 0x18: [mem 0xf8000000-0xf81fffff]
[    0.264838] pci 0000:00:03.0: [8086:100e] type 00 class 0x020000
[    0.264899] pci 0000:00:03.0: reg 0x10: [mem 0xf8200000-0xf821ffff]
[    0.265892] pci 0000:00:03.0: reg 0x18: [io  0xd020-0xd027]
[    0.268267] pci 0000:00:04.0: [80ee:cafe] type 00 class 0x088000
[    0.268838] pci 0000:00:04.0: reg 0x10: [io  0xd040-0xd05f]
[    0.268907] pci 0000:00:04.0: reg 0x14: [mem 0xf8400000-0xf87fffff]
[    0.269838] pci 0000:00:04.0: reg 0x18: [mem 0xf8800000-0xf8803fff pref]
[    0.271838] pci 0000:00:05.0: [8086:2415] type 00 class 0x040100
[    0.271838] pci 0000:00:05.0: reg 0x10: [io  0xd100-0xd1ff]
[    0.271838] pci 0000:00:05.0: reg 0x14: [io  0xd200-0xd23f]
[    0.271838] pci 0000:00:06.0: [106b:003f] type 00 class 0x0c0310
[    0.271909] pci 0000:00:06.0: reg 0x10: [mem 0xf8804000-0xf8804fff]
[    0.275215] pci 0000:00:07.0: [8086:7113] type 00 class 0x068000
[    0.275488] pci 0000:00:07.0: quirk: [io  0x4000-0x403f] claimed by PIIX4 ACPI
[    0.275496] pci 0000:00:07.0: quirk: [io  0x4100-0x410f] claimed by PIIX4 SMB
[    0.275703] pci 0000:00:0d.0: [8086:2829] type 00 class 0x010601
[    0.275910] pci 0000:00:0d.0: reg 0x10: [io  0xd240-0xd247]
[    0.276838] pci 0000:00:0d.0: reg 0x14: [io  0xd248-0xd24b]
[    0.276928] pci 0000:00:0d.0: reg 0x18: [io  0xd250-0xd257]
[    0.277838] pci 0000:00:0d.0: reg 0x1c: [io  0xd258-0xd25b]
[    0.277925] pci 0000:00:0d.0: reg 0x20: [io  0xd260-0xd26f]
[    0.278838] pci 0000:00:0d.0: reg 0x24: [mem 0xf8806000-0xf8807fff]
[    0.279838] ACPI: PCI Interrupt Link [LNKA] (IRQs 5 9 10 *11)
[    0.279838] ACPI: PCI Interrupt Link [LNKB] (IRQs 5 9 *10 11)
[    0.279838] ACPI: PCI Interrupt Link [LNKC] (IRQs 5 *9 10 11)
[    0.279838] ACPI: PCI Interrupt Link [LNKD] (IRQs 5 9 10 *11)
[    0.279863] pci 0000:00:02.0: vgaarb: setting as boot VGA device
[    0.279863] pci 0000:00:02.0: vgaarb: VGA device added: decodes=io+mem,owns=io+mem,locks=none
[    0.279863] pci 0000:00:02.0: vgaarb: bridge control possible
[    0.279863] vgaarb: loaded
[    0.279954] SCSI subsystem initialized
[    0.279990] libata version 3.00 loaded.
[    0.279990] ACPI: bus type USB registered
[    0.279990] usbcore: registered new interface driver usbfs
[    0.279990] usbcore: registered new interface driver hub
[    0.280858] usbcore: registered new device driver usb
[    0.280881] pps_core: LinuxPPS API ver. 1 registered
[    0.280882] pps_core: Software ver. 5.3.6 - Copyright 2005-2007 Rodolfo Giometti <giometti@linux.it>
[    0.280885] PTP clock support registered
[    0.280917] EDAC MC: Ver: 3.0.0
[    0.281032] PCI: Using ACPI for IRQ routing
[    0.281032] PCI: pci_cache_line_size set to 64 bytes
[    0.281032] e820: reserve RAM buffer [mem 0x0009fc00-0x0009ffff]
[    0.281032] e820: reserve RAM buffer [mem 0xdfff0000-0xdfffffff]
[    0.281057] NetLabel: Initializing
[    0.281057] NetLabel:  domain hash size = 128
[    0.281058] NetLabel:  protocols = UNLABELED CIPSOv4 CALIPSO
[    0.281066] NetLabel:  unlabeled traffic allowed by default
[    0.281071] clocksource: Switched to clocksource kvm-clock
[    0.291280] VFS: Disk quotas dquot_6.6.0
[    0.291293] VFS: Dquot-cache hash table entries: 512 (order 0, 4096 bytes)
[    0.291342] pnp: PnP ACPI init
[    0.291397] pnp 00:00: Plug and Play ACPI device, IDs PNP0303 (active)
[    0.291441] pnp 00:01: Plug and Play ACPI device, IDs PNP0f03 (active)
[    0.291833] pnp: PnP ACPI: found 2 devices
[    0.299267] clocksource: acpi_pm: mask: 0xffffff max_cycles: 0xffffff, max_idle_ns: 2085701024 ns
[    0.299293] pci_bus 0000:00: resource 4 [io  0x0000-0x0cf7 window]
[    0.299295] pci_bus 0000:00: resource 5 [io  0x0d00-0xffff window]
[    0.299296] pci_bus 0000:00: resource 6 [mem 0x000a0000-0x000bffff window]
[    0.299297] pci_bus 0000:00: resource 7 [mem 0xe0000000-0xfdffffff window]
[    0.299338] NET: Registered protocol family 2
[    0.299448] tcp_listen_portaddr_hash hash table entries: 2048 (order: 3, 32768 bytes)
[    0.299459] TCP established hash table entries: 32768 (order: 6, 262144 bytes)
[    0.299497] TCP bind hash table entries: 32768 (order: 7, 524288 bytes)
[    0.299546] TCP: Hash tables configured (established 32768 bind 32768)
[    0.299568] UDP hash table entries: 2048 (order: 4, 65536 bytes)
[    0.299577] UDP-Lite hash table entries: 2048 (order: 4, 65536 bytes)
[    0.299623] NET: Registered protocol family 1
[    0.299626] NET: Registered protocol family 44
[    0.299642] pci 0000:00:00.0: Limiting direct PCI/PCI transfers
[    0.299651] pci 0000:00:01.0: Activating ISA DMA hang workarounds
[    0.299687] pci 0000:00:02.0: Video device with shadowed ROM at [mem 0x000c0000-0x000dffff]
[    0.300260] PCI: CLS 0 bytes, default 64
[    0.300260] Unpacking initramfs...
[    0.539522] Freeing initrd memory: 22640K
[    0.539522] PCI-DMA: Using software bounce buffering for IO (SWIOTLB)
[    0.539522] software IO TLB: mapped [mem 0xdbff0000-0xdfff0000] (64MB)
[    0.539522] clocksource: tsc: mask: 0xffffffffffffffff max_cycles: 0x6a77744cfd5, max_idle_ns: 881590969987 ns
[    0.539522] platform rtc_cmos: registered platform RTC device (no PNP device found)
[
